<?xml version="1.0" encoding="ISO-8859-1" ?>
<link_info>
   <banner>MSP430 Linker PC v18.1.2.LTS</banner>
   <copyright>Copyright (c) 2003-2017 Texas Instruments Incorporated</copyright>
   <link_time>0x5cc8fd19</link_time>
   <link_errors>0x0</link_errors>
   <output_file>lockpick.out</output_file>
   <entry_point>
      <name>_c_int00_noargs</name>
      <address>0x4400</address>
   </entry_point>
   <input_file_list>
      <input_file id="fl-2">
         <path>.\</path>
         <kind>object</kind>
         <file>adc.obj</file>
         <name>adc.obj</name>
      </input_file>
      <input_file id="fl-3">
         <path>.\</path>
         <kind>object</kind>
         <file>buffer.obj</file>
         <name>buffer.obj</name>
      </input_file>
      <input_file id="fl-4">
         <path>.\</path>
         <kind>object</kind>
         <file>buffer_printf.obj</file>
         <name>buffer_printf.obj</name>
      </input_file>
      <input_file id="fl-5">
         <path>.\</path>
         <kind>object</kind>
         <file>hal_adc.obj</file>
         <name>hal_adc.obj</name>
      </input_file>
      <input_file id="fl-6">
         <path>.\</path>
         <kind>object</kind>
         <file>hal_uart.obj</file>
         <name>hal_uart.obj</name>
      </input_file>
      <input_file id="fl-7">
         <path>.\</path>
         <kind>object</kind>
         <file>list.obj</file>
         <name>list.obj</name>
      </input_file>
      <input_file id="fl-8">
         <path>.\</path>
         <kind>object</kind>
         <file>main.obj</file>
         <name>main.obj</name>
      </input_file>
      <input_file id="fl-9">
         <path>.\</path>
         <kind>object</kind>
         <file>subsystem.obj</file>
         <name>subsystem.obj</name>
      </input_file>
      <input_file id="fl-a">
         <path>.\</path>
         <kind>object</kind>
         <file>task.obj</file>
         <name>task.obj</name>
      </input_file>
      <input_file id="fl-b">
         <path>.\</path>
         <kind>object</kind>
         <file>timing.obj</file>
         <name>timing.obj</name>
      </input_file>
      <input_file id="fl-c">
         <path>.\</path>
         <kind>object</kind>
         <file>uart.obj</file>
         <name>uart.obj</name>
      </input_file>
      <input_file id="fl-12">
         <kind>object</kind>
         <file>&lt;internal&gt;</file>
         <name>&lt;internal&gt;</name>
      </input_file>
      <input_file id="fl-2d">
         <path>C:\ti\ccsv8\tools\compiler\ti-cgt-msp430_18.1.2.LTS\lib\</path>
         <kind>archive</kind>
         <file>rts430x_lc_rd_eabi.lib</file>
         <name>div16u.asm.obj</name>
      </input_file>
      <input_file id="fl-2e">
         <path>C:\ti\ccsv8\tools\compiler\ti-cgt-msp430_18.1.2.LTS\lib\</path>
         <kind>archive</kind>
         <file>rts430x_lc_rd_eabi.lib</file>
         <name>div32s.asm.obj</name>
      </input_file>
      <input_file id="fl-2f">
         <path>C:\ti\ccsv8\tools\compiler\ti-cgt-msp430_18.1.2.LTS\lib\</path>
         <kind>archive</kind>
         <file>rts430x_lc_rd_eabi.lib</file>
         <name>div32u.asm.obj</name>
      </input_file>
      <input_file id="fl-30">
         <path>C:\ti\ccsv8\tools\compiler\ti-cgt-msp430_18.1.2.LTS\lib\</path>
         <kind>archive</kind>
         <file>rts430x_lc_rd_eabi.lib</file>
         <name>fs_mpy.asm.obj</name>
      </input_file>
      <input_file id="fl-31">
         <path>C:\ti\ccsv8\tools\compiler\ti-cgt-msp430_18.1.2.LTS\lib\</path>
         <kind>archive</kind>
         <file>rts430x_lc_rd_eabi.lib</file>
         <name>fs_toi.asm.obj</name>
      </input_file>
      <input_file id="fl-32">
         <path>C:\ti\ccsv8\tools\compiler\ti-cgt-msp430_18.1.2.LTS\lib\</path>
         <kind>archive</kind>
         <file>rts430x_lc_rd_eabi.lib</file>
         <name>fs_tol.asm.obj</name>
      </input_file>
      <input_file id="fl-33">
         <path>C:\ti\ccsv8\tools\compiler\ti-cgt-msp430_18.1.2.LTS\lib\</path>
         <kind>archive</kind>
         <file>rts430x_lc_rd_eabi.lib</file>
         <name>int41.asm.obj</name>
      </input_file>
      <input_file id="fl-34">
         <path>C:\ti\ccsv8\tools\compiler\ti-cgt-msp430_18.1.2.LTS\lib\</path>
         <kind>archive</kind>
         <file>rts430x_lc_rd_eabi.lib</file>
         <name>int42.asm.obj</name>
      </input_file>
      <input_file id="fl-35">
         <path>C:\ti\ccsv8\tools\compiler\ti-cgt-msp430_18.1.2.LTS\lib\</path>
         <kind>archive</kind>
         <file>rts430x_lc_rd_eabi.lib</file>
         <name>int43.asm.obj</name>
      </input_file>
      <input_file id="fl-36">
         <path>C:\ti\ccsv8\tools\compiler\ti-cgt-msp430_18.1.2.LTS\lib\</path>
         <kind>archive</kind>
         <file>rts430x_lc_rd_eabi.lib</file>
         <name>int44.asm.obj</name>
      </input_file>
      <input_file id="fl-37">
         <path>C:\ti\ccsv8\tools\compiler\ti-cgt-msp430_18.1.2.LTS\lib\</path>
         <kind>archive</kind>
         <file>rts430x_lc_rd_eabi.lib</file>
         <name>int45.asm.obj</name>
      </input_file>
      <input_file id="fl-38">
         <path>C:\ti\ccsv8\tools\compiler\ti-cgt-msp430_18.1.2.LTS\lib\</path>
         <kind>archive</kind>
         <file>rts430x_lc_rd_eabi.lib</file>
         <name>int47.asm.obj</name>
      </input_file>
      <input_file id="fl-39">
         <path>C:\ti\ccsv8\tools\compiler\ti-cgt-msp430_18.1.2.LTS\lib\</path>
         <kind>archive</kind>
         <file>rts430x_lc_rd_eabi.lib</file>
         <name>int48.asm.obj</name>
      </input_file>
      <input_file id="fl-3a">
         <path>C:\ti\ccsv8\tools\compiler\ti-cgt-msp430_18.1.2.LTS\lib\</path>
         <kind>archive</kind>
         <file>rts430x_lc_rd_eabi.lib</file>
         <name>int49.asm.obj</name>
      </input_file>
      <input_file id="fl-3b">
         <path>C:\ti\ccsv8\tools\compiler\ti-cgt-msp430_18.1.2.LTS\lib\</path>
         <kind>archive</kind>
         <file>rts430x_lc_rd_eabi.lib</file>
         <name>int50.asm.obj</name>
      </input_file>
      <input_file id="fl-3c">
         <path>C:\ti\ccsv8\tools\compiler\ti-cgt-msp430_18.1.2.LTS\lib\</path>
         <kind>archive</kind>
         <file>rts430x_lc_rd_eabi.lib</file>
         <name>int51.asm.obj</name>
      </input_file>
      <input_file id="fl-3d">
         <path>C:\ti\ccsv8\tools\compiler\ti-cgt-msp430_18.1.2.LTS\lib\</path>
         <kind>archive</kind>
         <file>rts430x_lc_rd_eabi.lib</file>
         <name>int52.asm.obj</name>
      </input_file>
      <input_file id="fl-3e">
         <path>C:\ti\ccsv8\tools\compiler\ti-cgt-msp430_18.1.2.LTS\lib\</path>
         <kind>archive</kind>
         <file>rts430x_lc_rd_eabi.lib</file>
         <name>int55.asm.obj</name>
      </input_file>
      <input_file id="fl-3f">
         <path>C:\ti\ccsv8\tools\compiler\ti-cgt-msp430_18.1.2.LTS\lib\</path>
         <kind>archive</kind>
         <file>rts430x_lc_rd_eabi.lib</file>
         <name>int56.asm.obj</name>
      </input_file>
      <input_file id="fl-40">
         <path>C:\ti\ccsv8\tools\compiler\ti-cgt-msp430_18.1.2.LTS\lib\</path>
         <kind>archive</kind>
         <file>rts430x_lc_rd_eabi.lib</file>
         <name>int57.asm.obj</name>
      </input_file>
      <input_file id="fl-41">
         <path>C:\ti\ccsv8\tools\compiler\ti-cgt-msp430_18.1.2.LTS\lib\</path>
         <kind>archive</kind>
         <file>rts430x_lc_rd_eabi.lib</file>
         <name>int58.asm.obj</name>
      </input_file>
      <input_file id="fl-42">
         <path>C:\ti\ccsv8\tools\compiler\ti-cgt-msp430_18.1.2.LTS\lib\</path>
         <kind>archive</kind>
         <file>rts430x_lc_rd_eabi.lib</file>
         <name>int59.asm.obj</name>
      </input_file>
      <input_file id="fl-43">
         <path>C:\ti\ccsv8\tools\compiler\ti-cgt-msp430_18.1.2.LTS\lib\</path>
         <kind>archive</kind>
         <file>rts430x_lc_rd_eabi.lib</file>
         <name>int60.asm.obj</name>
      </input_file>
      <input_file id="fl-44">
         <path>C:\ti\ccsv8\tools\compiler\ti-cgt-msp430_18.1.2.LTS\lib\</path>
         <kind>archive</kind>
         <file>rts430x_lc_rd_eabi.lib</file>
         <name>int61.asm.obj</name>
      </input_file>
      <input_file id="fl-45">
         <path>C:\ti\ccsv8\tools\compiler\ti-cgt-msp430_18.1.2.LTS\lib\</path>
         <kind>archive</kind>
         <file>rts430x_lc_rd_eabi.lib</file>
         <name>int62.asm.obj</name>
      </input_file>
      <input_file id="fl-46">
         <path>C:\ti\ccsv8\tools\compiler\ti-cgt-msp430_18.1.2.LTS\lib\</path>
         <kind>archive</kind>
         <file>rts430x_lc_rd_eabi.lib</file>
         <name>isr_trap.asm.obj</name>
      </input_file>
      <input_file id="fl-47">
         <path>C:\ti\ccsv8\tools\compiler\ti-cgt-msp430_18.1.2.LTS\lib\</path>
         <kind>archive</kind>
         <file>rts430x_lc_rd_eabi.lib</file>
         <name>lsl16.asm.obj</name>
      </input_file>
      <input_file id="fl-48">
         <path>C:\ti\ccsv8\tools\compiler\ti-cgt-msp430_18.1.2.LTS\lib\</path>
         <kind>archive</kind>
         <file>rts430x_lc_rd_eabi.lib</file>
         <name>lsr32.asm.obj</name>
      </input_file>
      <input_file id="fl-49">
         <path>C:\ti\ccsv8\tools\compiler\ti-cgt-msp430_18.1.2.LTS\lib\</path>
         <kind>archive</kind>
         <file>rts430x_lc_rd_eabi.lib</file>
         <name>mult16.asm.obj</name>
      </input_file>
      <input_file id="fl-4a">
         <path>C:\ti\ccsv8\tools\compiler\ti-cgt-msp430_18.1.2.LTS\lib\</path>
         <kind>archive</kind>
         <file>rts430x_lc_rd_eabi.lib</file>
         <name>mult16_f5hw.asm.obj</name>
      </input_file>
      <input_file id="fl-4b">
         <path>C:\ti\ccsv8\tools\compiler\ti-cgt-msp430_18.1.2.LTS\lib\</path>
         <kind>archive</kind>
         <file>rts430x_lc_rd_eabi.lib</file>
         <name>mult1632_f5hw.asm.obj</name>
      </input_file>
      <input_file id="fl-4c">
         <path>C:\ti\ccsv8\tools\compiler\ti-cgt-msp430_18.1.2.LTS\lib\</path>
         <kind>archive</kind>
         <file>rts430x_lc_rd_eabi.lib</file>
         <name>mult32.asm.obj</name>
      </input_file>
      <input_file id="fl-4d">
         <path>C:\ti\ccsv8\tools\compiler\ti-cgt-msp430_18.1.2.LTS\lib\</path>
         <kind>archive</kind>
         <file>rts430x_lc_rd_eabi.lib</file>
         <name>mult32_f5hw.asm.obj</name>
      </input_file>
      <input_file id="fl-4e">
         <path>C:\ti\ccsv8\tools\compiler\ti-cgt-msp430_18.1.2.LTS\lib\</path>
         <kind>archive</kind>
         <file>rts430x_lc_rd_eabi.lib</file>
         <name>mult3264_f5hw.asm.obj</name>
      </input_file>
      <input_file id="fl-4f">
         <path>C:\ti\ccsv8\tools\compiler\ti-cgt-msp430_18.1.2.LTS\lib\</path>
         <kind>archive</kind>
         <file>rts430x_lc_rd_eabi.lib</file>
         <name>mult64_f5hw.asm.obj</name>
      </input_file>
      <input_file id="fl-50">
         <path>C:\ti\ccsv8\tools\compiler\ti-cgt-msp430_18.1.2.LTS\lib\</path>
         <kind>archive</kind>
         <file>rts430x_lc_rd_eabi.lib</file>
         <name>boot.c.obj</name>
      </input_file>
      <input_file id="fl-51">
         <path>C:\ti\ccsv8\tools\compiler\ti-cgt-msp430_18.1.2.LTS\lib\</path>
         <kind>archive</kind>
         <file>rts430x_lc_rd_eabi.lib</file>
         <name>autoinit.c.obj</name>
      </input_file>
      <input_file id="fl-52">
         <path>C:\ti\ccsv8\tools\compiler\ti-cgt-msp430_18.1.2.LTS\lib\</path>
         <kind>archive</kind>
         <file>rts430x_lc_rd_eabi.lib</file>
         <name>copy_zero_init.c.obj</name>
      </input_file>
      <input_file id="fl-53">
         <path>C:\ti\ccsv8\tools\compiler\ti-cgt-msp430_18.1.2.LTS\lib\</path>
         <kind>archive</kind>
         <file>rts430x_lc_rd_eabi.lib</file>
         <name>cpy_tbl.c.obj</name>
      </input_file>
      <input_file id="fl-54">
         <path>C:\ti\ccsv8\tools\compiler\ti-cgt-msp430_18.1.2.LTS\lib\</path>
         <kind>archive</kind>
         <file>rts430x_lc_rd_eabi.lib</file>
         <name>mpu_init.c.obj</name>
      </input_file>
      <input_file id="fl-55">
         <path>C:\ti\ccsv8\tools\compiler\ti-cgt-msp430_18.1.2.LTS\lib\</path>
         <kind>archive</kind>
         <file>rts430x_lc_rd_eabi.lib</file>
         <name>pre_init.c.obj</name>
      </input_file>
      <input_file id="fl-56">
         <path>C:\ti\ccsv8\tools\compiler\ti-cgt-msp430_18.1.2.LTS\lib\</path>
         <kind>archive</kind>
         <file>rts430x_lc_rd_eabi.lib</file>
         <name>startup.c.obj</name>
      </input_file>
      <input_file id="fl-57">
         <path>C:\ti\ccsv8\tools\compiler\ti-cgt-msp430_18.1.2.LTS\lib\</path>
         <kind>archive</kind>
         <file>rts430x_lc_rd_eabi.lib</file>
         <name>copy_decompress_none.c.obj</name>
      </input_file>
      <input_file id="fl-58">
         <path>C:\ti\ccsv8\tools\compiler\ti-cgt-msp430_18.1.2.LTS\lib\</path>
         <kind>archive</kind>
         <file>rts430x_lc_rd_eabi.lib</file>
         <name>copy_decompress_lzss.c.obj</name>
      </input_file>
      <input_file id="fl-59">
         <path>C:\ti\ccsv8\tools\compiler\ti-cgt-msp430_18.1.2.LTS\lib\</path>
         <kind>archive</kind>
         <file>rts430x_lc_rd_eabi.lib</file>
         <name>cvtdf.c.obj</name>
      </input_file>
      <input_file id="fl-5a">
         <path>C:\ti\ccsv8\tools\compiler\ti-cgt-msp430_18.1.2.LTS\lib\</path>
         <kind>archive</kind>
         <file>rts430x_lc_rd_eabi.lib</file>
         <name>exit.c.obj</name>
      </input_file>
      <input_file id="fl-5b">
         <path>C:\ti\ccsv8\tools\compiler\ti-cgt-msp430_18.1.2.LTS\lib\</path>
         <kind>archive</kind>
         <file>rts430x_lc_rd_eabi.lib</file>
         <name>_lock.c.obj</name>
      </input_file>
      <input_file id="fl-5c">
         <path>C:\ti\ccsv8\tools\compiler\ti-cgt-msp430_18.1.2.LTS\lib\</path>
         <kind>archive</kind>
         <file>rts430x_lc_rd_eabi.lib</file>
         <name>args_main.c.obj</name>
      </input_file>
      <input_file id="fl-5d">
         <path>C:\ti\ccsv8\tools\compiler\ti-cgt-msp430_18.1.2.LTS\lib\</path>
         <kind>archive</kind>
         <file>rts430x_lc_rd_eabi.lib</file>
         <name>memcpy.c.obj</name>
      </input_file>
      <input_file id="fl-5e">
         <path>C:\ti\ccsv8\tools\compiler\ti-cgt-msp430_18.1.2.LTS\lib\</path>
         <kind>archive</kind>
         <file>rts430x_lc_rd_eabi.lib</file>
         <name>strcasecmp.c.obj</name>
      </input_file>
      <input_file id="fl-5f">
         <path>C:\ti\ccsv8\tools\compiler\ti-cgt-msp430_18.1.2.LTS\lib\</path>
         <kind>archive</kind>
         <file>rts430x_lc_rd_eabi.lib</file>
         <name>strlen.c.obj</name>
      </input_file>
      <input_file id="fl-60">
         <path>C:\ti\ccsv8\tools\compiler\ti-cgt-msp430_18.1.2.LTS\lib\</path>
         <kind>archive</kind>
         <file>rts430x_lc_rd_eabi.lib</file>
         <name>tolower.c.obj</name>
      </input_file>
      <input_file id="fl-61">
         <path>C:\ti\ccsv8\tools\compiler\ti-cgt-msp430_18.1.2.LTS\lib\</path>
         <kind>archive</kind>
         <file>rts430x_lc_rd_eabi.lib</file>
         <name>lsl32.asm.obj</name>
      </input_file>
      <input_file id="fl-62">
         <path>C:\ti\ccsv8\tools\compiler\ti-cgt-msp430_18.1.2.LTS\lib\</path>
         <kind>archive</kind>
         <file>rts430x_lc_rd_eabi.lib</file>
         <name>exit_gvars.c.obj</name>
      </input_file>
      <input_file id="fl-63">
         <path>C:\ti\ccsv8\tools\compiler\ti-cgt-msp430_18.1.2.LTS\lib\</path>
         <kind>archive</kind>
         <file>rts430x_lc_rd_eabi.lib</file>
         <name>lsr64.c.obj</name>
      </input_file>
      <input_file id="fl-64">
         <path>C:\ti\ccsv8\tools\compiler\ti-cgt-msp430_18.1.2.LTS\lib\</path>
         <kind>archive</kind>
         <file>rts430x_lc_rd_eabi.lib</file>
         <name>ctype.c.obj</name>
      </input_file>
   </input_file_list>
   <object_component_list>
      <object_component id="oc-5f3">
         <name>.bss:channels</name>
         <uninitialized>true</uninitialized>
         <run_address>0x2b78</run_address>
         <size>0x60</size>
         <input_file_ref idref="fl-2"/>
      </object_component>
      <object_component id="oc-4a1">
         <name>.bss</name>
         <uninitialized>true</uninitialized>
         <run_address>0x2cbc</run_address>
         <size>0x4</size>
         <input_file_ref idref="fl-2"/>
      </object_component>
      <object_component id="oc-4a4">
         <name>.bss:pending_measurements</name>
         <uninitialized>true</uninitialized>
         <run_address>0x2c08</run_address>
         <size>0x28</size>
         <input_file_ref idref="fl-2"/>
      </object_component>
      <object_component id="oc-57e">
         <name>.common:task_list_array</name>
         <uninitialized>true</uninitialized>
         <run_address>0x2400</run_address>
         <size>0x320</size>
      </object_component>
      <object_component id="oc-57d">
         <name>.common:task_list_links</name>
         <uninitialized>true</uninitialized>
         <run_address>0x2720</run_address>
         <size>0x258</size>
      </object_component>
      <object_component id="oc-55e">
         <name>.common:task_list</name>
         <uninitialized>true</uninitialized>
         <run_address>0x2bd8</run_address>
         <size>0x30</size>
      </object_component>
      <object_component id="oc-59d">
         <name>.common:idle_task</name>
         <uninitialized>true</uninitialized>
         <run_address>0x2cc0</run_address>
         <size>0x4</size>
      </object_component>
      <object_component id="oc-411">
         <name>.common:time_ms</name>
         <uninitialized>true</uninitialized>
         <run_address>0x2cc8</run_address>
         <size>0x4</size>
      </object_component>
      <object_component id="oc-66f">
         <name>.common:rollover_time</name>
         <uninitialized>true</uninitialized>
         <run_address>0x2cc4</run_address>
         <size>0x4</size>
      </object_component>
      <object_component id="oc-5b3">
         <name>.common:rx1</name>
         <uninitialized>true</uninitialized>
         <run_address>0x2c74</run_address>
         <size>0x1c</size>
      </object_component>
      <object_component id="oc-5bb">
         <name>.common:tx1</name>
         <uninitialized>true</uninitialized>
         <run_address>0x2c90</run_address>
         <size>0x1c</size>
      </object_component>
      <object_component id="oc-5bc">
         <name>.common:tx_buffer_array1</name>
         <uninitialized>true</uninitialized>
         <run_address>0x2978</run_address>
         <size>0x200</size>
      </object_component>
      <object_component id="oc-5b4">
         <name>.common:rx_buffer_array1</name>
         <uninitialized>true</uninitialized>
         <run_address>0x2c54</run_address>
         <size>0x20</size>
      </object_component>
      <object_component id="oc-5bd">
         <name>.common:receiverList1</name>
         <uninitialized>true</uninitialized>
         <run_address>0x2cac</run_address>
         <size>0x8</size>
      </object_component>
      <object_component id="oc-5be">
         <name>.common:receiver_array1</name>
         <uninitialized>true</uninitialized>
         <run_address>0x2cb4</run_address>
         <size>0x8</size>
      </object_component>
      <object_component id="oc-454">
         <name>.common:uart</name>
         <uninitialized>true</uninitialized>
         <run_address>0x2c30</run_address>
         <size>0x24</size>
      </object_component>
      <object_component id="oc-468">
         <name>.common:rx_flags</name>
         <uninitialized>true</uninitialized>
         <run_address>0x2ccd</run_address>
         <size>0x1</size>
      </object_component>
      <object_component id="oc-5b2">
         <name>.common:error_flags</name>
         <uninitialized>true</uninitialized>
         <run_address>0x2ccc</run_address>
         <size>0x1</size>
      </object_component>
      <object_component id="oc-73d">
         <name>.data</name>
         <load_address>0x2cce</load_address>
         <run_address>0x2cce</run_address>
         <size>0x2</size>
         <input_file_ref idref="fl-7"/>
      </object_component>
      <object_component id="oc-576">
         <name>.data</name>
         <load_address>0x2cd0</load_address>
         <run_address>0x2cd0</run_address>
         <size>0x1</size>
         <input_file_ref idref="fl-a"/>
      </object_component>
      <object_component id="oc-66e">
         <name>.data</name>
         <load_address>0x2cd1</load_address>
         <run_address>0x2cd1</run_address>
         <size>0x1</size>
         <input_file_ref idref="fl-b"/>
      </object_component>
      <object_component id="oc-5ab">
         <name>.data</name>
         <load_address>0x2cd2</load_address>
         <run_address>0x2cd2</run_address>
         <size>0x1</size>
         <input_file_ref idref="fl-c"/>
      </object_component>
      <object_component id="oc-37d">
         <name>.stack</name>
         <uninitialized>true</uninitialized>
         <run_address>0x4360</run_address>
         <size>0x4</size>
         <input_file_ref idref="fl-50"/>
      </object_component>
      <object_component id="oc-7d9">
         <name>.stack</name>
         <uninitialized>true</uninitialized>
         <run_address>0x4360</run_address>
         <size>0x0</size>
      </object_component>
      <object_component id="oc-4cf">
         <name>.text:hal_UART_Init</name>
         <load_address>0x10000</load_address>
         <run_address>0x10000</run_address>
         <size>0x200</size>
         <input_file_ref idref="fl-6"/>
      </object_component>
      <object_component id="oc-693">
         <name>.text:Buffer_vprintf</name>
         <load_address>0x10200</load_address>
         <run_address>0x10200</run_address>
         <size>0x1d4</size>
         <input_file_ref idref="fl-4"/>
      </object_component>
      <object_component id="oc-5ac">
         <name>.text:UART_Tick</name>
         <load_address>0x103d4</load_address>
         <run_address>0x103d4</run_address>
         <size>0x1a0</size>
         <input_file_ref idref="fl-c"/>
      </object_component>
      <object_component id="oc-6a5">
         <name>.text:Link</name>
         <load_address>0x10574</load_address>
         <run_address>0x10574</run_address>
         <size>0x118</size>
         <input_file_ref idref="fl-7"/>
      </object_component>
      <object_component id="oc-6ad">
         <name>.text:Unlink</name>
         <load_address>0x1068c</load_address>
         <run_address>0x1068c</run_address>
         <size>0xf8</size>
         <input_file_ref idref="fl-7"/>
      </object_component>
      <object_component id="oc-615">
         <name>.text:List_LinkItem</name>
         <load_address>0x10784</load_address>
         <run_address>0x10784</run_address>
         <size>0xbe</size>
         <input_file_ref idref="fl-7"/>
      </object_component>
      <object_component id="oc-4e7">
         <name>.text:SystemTick</name>
         <load_address>0x10842</load_address>
         <run_address>0x10842</run_address>
         <size>0xb8</size>
         <input_file_ref idref="fl-a"/>
      </object_component>
      <object_component id="oc-751">
         <name>.text</name>
         <load_address>0x108fa</load_address>
         <run_address>0x108fa</run_address>
         <size>0xb8</size>
         <input_file_ref idref="fl-30"/>
      </object_component>
      <object_component id="oc-6f0">
         <name>.text:Buffer_HexN</name>
         <load_address>0x109b2</load_address>
         <run_address>0x109b2</run_address>
         <size>0xb4</size>
         <input_file_ref idref="fl-4"/>
      </object_component>
      <object_component id="oc-5fd">
         <name>.text:List_Link</name>
         <load_address>0x10a66</load_address>
         <run_address>0x10a66</run_address>
         <size>0xa8</size>
         <input_file_ref idref="fl-7"/>
      </object_component>
      <object_component id="oc-6e4">
         <name>.text:FindUnusedLink</name>
         <load_address>0x10b0e</load_address>
         <run_address>0x10b0e</run_address>
         <size>0x9e</size>
         <input_file_ref idref="fl-7"/>
      </object_component>
      <object_component id="oc-4c9">
         <name>.text:UART_Init</name>
         <load_address>0x10bac</load_address>
         <run_address>0x10bac</run_address>
         <size>0x9e</size>
         <input_file_ref idref="fl-c"/>
      </object_component>
      <object_component id="oc-71a">
         <name>.text:Buffer_Float</name>
         <load_address>0x10c4a</load_address>
         <run_address>0x10c4a</run_address>
         <size>0x9c</size>
         <input_file_ref idref="fl-4"/>
      </object_component>
      <object_component id="oc-4b3">
         <name>.text:hal_ADC_StartChannel</name>
         <load_address>0x10ce6</load_address>
         <run_address>0x10ce6</run_address>
         <size>0x96</size>
         <input_file_ref idref="fl-5"/>
      </object_component>
      <object_component id="oc-45d">
         <name>.text:Buffer_Enqueue</name>
         <load_address>0x10d7c</load_address>
         <run_address>0x10d7c</run_address>
         <size>0x90</size>
         <input_file_ref idref="fl-3"/>
      </object_component>
      <object_component id="oc-57f">
         <name>.text:List_Init</name>
         <load_address>0x10e0c</load_address>
         <run_address>0x10e0c</run_address>
         <size>0x8c</size>
         <input_file_ref idref="fl-7"/>
      </object_component>
      <object_component id="oc-714">
         <name>.text:__mspabi_cvtdf</name>
         <load_address>0x10e98</load_address>
         <run_address>0x10e98</run_address>
         <size>0x8c</size>
         <input_file_ref idref="fl-59"/>
      </object_component>
      <object_component id="oc-756">
         <name>.text</name>
         <load_address>0x10f24</load_address>
         <run_address>0x10f24</run_address>
         <size>0x7e</size>
         <input_file_ref idref="fl-32"/>
      </object_component>
      <object_component id="oc-4e1">
         <name>.text:ADC_AddChannel</name>
         <load_address>0x10fa2</load_address>
         <run_address>0x10fa2</run_address>
         <size>0x7a</size>
         <input_file_ref idref="fl-2"/>
      </object_component>
      <object_component id="oc-4bd">
         <name>.text:SetClk24MHz</name>
         <load_address>0x1101c</load_address>
         <run_address>0x1101c</run_address>
         <size>0x78</size>
         <input_file_ref idref="fl-8"/>
      </object_component>
      <object_component id="oc-6d">
         <name>.text:decompress:lzss:__TI_decompress_lzss</name>
         <load_address>0x11094</load_address>
         <run_address>0x11094</run_address>
         <size>0x76</size>
         <input_file_ref idref="fl-58"/>
      </object_component>
      <object_component id="oc-4c3">
         <name>.text:Task_Init</name>
         <load_address>0x1110a</load_address>
         <run_address>0x1110a</run_address>
         <size>0x70</size>
         <input_file_ref idref="fl-a"/>
      </object_component>
      <object_component id="oc-74c">
         <name>.text</name>
         <load_address>0x1117a</load_address>
         <run_address>0x1117a</run_address>
         <size>0x68</size>
         <input_file_ref idref="fl-31"/>
      </object_component>
      <object_component id="oc-6b4">
         <name>.text:FindLinkByItem</name>
         <load_address>0x111e2</load_address>
         <run_address>0x111e2</run_address>
         <size>0x64</size>
         <input_file_ref idref="fl-7"/>
      </object_component>
      <object_component id="oc-6fc">
         <name>.text:Buffer_uint32</name>
         <load_address>0x11246</load_address>
         <run_address>0x11246</run_address>
         <size>0x62</size>
         <input_file_ref idref="fl-4"/>
      </object_component>
      <object_component id="oc-5f6">
         <name>.text:QueueMeasurement</name>
         <load_address>0x112a8</load_address>
         <run_address>0x112a8</run_address>
         <size>0x5c</size>
         <input_file_ref idref="fl-2"/>
      </object_component>
      <object_component id="oc-5c6">
         <name>.text</name>
         <load_address>0x11304</load_address>
         <run_address>0x11304</run_address>
         <size>0x58</size>
         <input_file_ref idref="fl-2f"/>
      </object_component>
      <object_component id="oc-699">
         <name>.text:UART_Tx_Start</name>
         <load_address>0x1135c</load_address>
         <run_address>0x1135c</run_address>
         <size>0x56</size>
         <input_file_ref idref="fl-c"/>
      </object_component>
      <object_component id="oc-415">
         <name>.text:ADC_ProcessMeasurementFromISR</name>
         <load_address>0x113b2</load_address>
         <run_address>0x113b2</run_address>
         <size>0x54</size>
         <input_file_ref idref="fl-2"/>
      </object_component>
      <object_component id="oc-561">
         <name>.text:List_AddIndirect</name>
         <load_address>0x11406</load_address>
         <run_address>0x11406</run_address>
         <size>0x54</size>
         <input_file_ref idref="fl-7"/>
      </object_component>
      <object_component id="oc-512">
         <name>.text:__TI_auto_init_nobinit_nopinit_hold_wdt:__TI_auto_init_nobinit_nopinit_hold_wdt</name>
         <load_address>0x1145a</load_address>
         <run_address>0x1145a</run_address>
         <size>0x54</size>
         <input_file_ref idref="fl-51"/>
      </object_component>
      <object_component id="oc-702">
         <name>.text:Buffer_uint16</name>
         <load_address>0x114ae</load_address>
         <run_address>0x114ae</run_address>
         <size>0x52</size>
         <input_file_ref idref="fl-4"/>
      </object_component>
      <object_component id="oc-56f">
         <name>.text:SetVcoreUp</name>
         <load_address>0x11500</load_address>
         <run_address>0x11500</run_address>
         <size>0x4e</size>
         <input_file_ref idref="fl-8"/>
      </object_component>
      <object_component id="oc-40a">
         <name>.text:UART_Tx_Handler</name>
         <load_address>0x1154e</load_address>
         <run_address>0x1154e</run_address>
         <size>0x4e</size>
         <input_file_ref idref="fl-c"/>
      </object_component>
      <object_component id="oc-5a4">
         <name>.text:Task_Schedule</name>
         <load_address>0x1159c</load_address>
         <run_address>0x1159c</run_address>
         <size>0x4a</size>
         <input_file_ref idref="fl-a"/>
      </object_component>
      <object_component id="oc-42a">
         <name>.text:main</name>
         <load_address>0x115e6</load_address>
         <run_address>0x115e6</run_address>
         <size>0x46</size>
         <input_file_ref idref="fl-8"/>
      </object_component>
      <object_component id="oc-59e">
         <name>.text:RollTimer</name>
         <load_address>0x1162c</load_address>
         <run_address>0x1162c</run_address>
         <size>0x44</size>
         <input_file_ref idref="fl-a"/>
      </object_component>
      <object_component id="oc-476">
         <name>.text:Buffer_Dequeue</name>
         <load_address>0x11670</load_address>
         <run_address>0x11670</run_address>
         <size>0x3e</size>
         <input_file_ref idref="fl-3"/>
      </object_component>
      <object_component id="oc-3fe">
         <name>.text:UART_Rx_Handler</name>
         <load_address>0x116ae</load_address>
         <run_address>0x116ae</run_address>
         <size>0x3e</size>
         <input_file_ref idref="fl-c"/>
      </object_component>
      <object_component id="oc-745">
         <name>.text:l_lsl_const</name>
         <load_address>0x116ec</load_address>
         <run_address>0x116ec</run_address>
         <size>0x3e</size>
         <input_file_ref idref="fl-61"/>
      </object_component>
      <object_component id="oc-5cb">
         <name>.text:l_lsr_const</name>
         <load_address>0x1172a</load_address>
         <run_address>0x1172a</run_address>
         <size>0x3e</size>
         <input_file_ref idref="fl-48"/>
      </object_component>
      <object_component id="oc-664">
         <name>.text:GetUnusedLink</name>
         <load_address>0x11768</load_address>
         <run_address>0x11768</run_address>
         <size>0x34</size>
         <input_file_ref idref="fl-7"/>
      </object_component>
      <object_component id="oc-4ad">
         <name>.text:Task_Queue</name>
         <load_address>0x1179c</load_address>
         <run_address>0x1179c</run_address>
         <size>0x32</size>
         <input_file_ref idref="fl-a"/>
      </object_component>
      <object_component id="oc-5eb">
         <name>.text:UART_printf</name>
         <load_address>0x117ce</load_address>
         <run_address>0x117ce</run_address>
         <size>0x32</size>
         <input_file_ref idref="fl-c"/>
      </object_component>
      <object_component id="oc-5b5">
         <name>.text:Buffer_Init</name>
         <load_address>0x11800</load_address>
         <run_address>0x11800</run_address>
         <size>0x2a</size>
         <input_file_ref idref="fl-3"/>
      </object_component>
      <object_component id="oc-6f6">
         <name>.text:Buffer_int32</name>
         <load_address>0x1182a</load_address>
         <run_address>0x1182a</run_address>
         <size>0x2a</size>
         <input_file_ref idref="fl-4"/>
      </object_component>
      <object_component id="oc-4a7">
         <name>.text:CallCallback</name>
         <load_address>0x11854</load_address>
         <run_address>0x11854</run_address>
         <size>0x28</size>
         <input_file_ref idref="fl-2"/>
      </object_component>
      <object_component id="oc-3b6">
         <name>.text:decompress:ZI:__TI_zero_init</name>
         <load_address>0x1187c</load_address>
         <run_address>0x1187c</run_address>
         <size>0x24</size>
         <input_file_ref idref="fl-52"/>
      </object_component>
      <object_component id="oc-722">
         <name>.text:hal_UART_TxInterruptEnabled</name>
         <load_address>0x118a0</load_address>
         <run_address>0x118a0</run_address>
         <size>0x24</size>
         <input_file_ref idref="fl-6"/>
      </object_component>
      <object_component id="oc-70e">
         <name>.text:Buffer_int16</name>
         <load_address>0x118c4</load_address>
         <run_address>0x118c4</run_address>
         <size>0x22</size>
         <input_file_ref idref="fl-4"/>
      </object_component>
      <object_component id="oc-603">
         <name>.text:List_GetFirst</name>
         <load_address>0x118e6</load_address>
         <run_address>0x118e6</run_address>
         <size>0x20</size>
         <input_file_ref idref="fl-7"/>
      </object_component>
      <object_component id="oc-469">
         <name>.text:hal_UART_DataAvailable</name>
         <load_address>0x11906</load_address>
         <run_address>0x11906</run_address>
         <size>0x20</size>
         <input_file_ref idref="fl-6"/>
      </object_component>
      <object_component id="oc-482">
         <name>.text:hal_UART_SpaceAvailable</name>
         <load_address>0x11926</load_address>
         <run_address>0x11926</run_address>
         <size>0x20</size>
         <input_file_ref idref="fl-6"/>
      </object_component>
      <object_component id="oc-60f">
         <name>.text:List_Remove</name>
         <load_address>0x11946</load_address>
         <run_address>0x11946</run_address>
         <size>0x1e</size>
         <input_file_ref idref="fl-7"/>
      </object_component>
      <object_component id="oc-577">
         <name>.text:Timing_Init</name>
         <load_address>0x11964</load_address>
         <run_address>0x11964</run_address>
         <size>0x1e</size>
         <input_file_ref idref="fl-b"/>
      </object_component>
      <object_component id="oc-457">
         <name>.text:hal_UART_RxByte</name>
         <load_address>0x11982</load_address>
         <run_address>0x11982</run_address>
         <size>0x1c</size>
         <input_file_ref idref="fl-6"/>
      </object_component>
      <object_component id="oc-4db">
         <name>.text:printADCValue</name>
         <load_address>0x1199e</load_address>
         <run_address>0x1199e</run_address>
         <size>0x1c</size>
         <input_file_ref idref="fl-8"/>
      </object_component>
      <object_component id="oc-708">
         <name>.text:Buffer_Str</name>
         <load_address>0x119ba</load_address>
         <run_address>0x119ba</run_address>
         <size>0x1a</size>
         <input_file_ref idref="fl-4"/>
      </object_component>
      <object_component id="oc-585">
         <name>.text:SortTask</name>
         <load_address>0x119d4</load_address>
         <run_address>0x119d4</run_address>
         <size>0x1a</size>
         <input_file_ref idref="fl-a"/>
      </object_component>
      <object_component id="oc-67c">
         <name>.text:List_GetNext</name>
         <load_address>0x119ee</load_address>
         <run_address>0x119ee</run_address>
         <size>0x18</size>
         <input_file_ref idref="fl-7"/>
      </object_component>
      <object_component id="oc-670">
         <name>.text:hal_Timing_Init</name>
         <load_address>0x11a06</load_address>
         <run_address>0x11a06</run_address>
         <size>0x18</size>
         <input_file_ref idref="fl-b"/>
      </object_component>
      <object_component id="oc-44f">
         <name>.text</name>
         <load_address>0x11a1e</load_address>
         <run_address>0x11a1e</run_address>
         <size>0x18</size>
         <input_file_ref idref="fl-4a"/>
      </object_component>
      <object_component id="oc-4d5">
         <name>.text:ADC_Init</name>
         <load_address>0x11a36</load_address>
         <run_address>0x11a36</run_address>
         <size>0x16</size>
         <input_file_ref idref="fl-2"/>
      </object_component>
      <object_component id="oc-5e3">
         <name>.text:hal_ADC_Init</name>
         <load_address>0x11a4c</load_address>
         <run_address>0x11a4c</run_address>
         <size>0x16</size>
         <input_file_ref idref="fl-5"/>
      </object_component>
      <object_component id="oc-404">
         <name>.text:hal_UART_ClearRxIF</name>
         <load_address>0x11a62</load_address>
         <run_address>0x11a62</run_address>
         <size>0x16</size>
         <input_file_ref idref="fl-6"/>
      </object_component>
      <object_component id="oc-5c0">
         <name>.text:hal_UART_Disable</name>
         <load_address>0x11a78</load_address>
         <run_address>0x11a78</run_address>
         <size>0x16</size>
         <input_file_ref idref="fl-6"/>
      </object_component>
      <object_component id="oc-48e">
         <name>.text:hal_UART_DisableTxInterrupt</name>
         <load_address>0x11a8e</load_address>
         <run_address>0x11a8e</run_address>
         <size>0x16</size>
         <input_file_ref idref="fl-6"/>
      </object_component>
      <object_component id="oc-5d0">
         <name>.text:hal_UART_Enable</name>
         <load_address>0x11aa4</load_address>
         <run_address>0x11aa4</run_address>
         <size>0x16</size>
         <input_file_ref idref="fl-6"/>
      </object_component>
      <object_component id="oc-5dc">
         <name>.text:hal_UART_EnableRxInterrupt</name>
         <load_address>0x11aba</load_address>
         <run_address>0x11aba</run_address>
         <size>0x16</size>
         <input_file_ref idref="fl-6"/>
      </object_component>
      <object_component id="oc-5d6">
         <name>.text:hal_UART_EnableTxInterrupt</name>
         <load_address>0x11ad0</load_address>
         <run_address>0x11ad0</run_address>
         <size>0x16</size>
         <input_file_ref idref="fl-6"/>
      </object_component>
      <object_component id="oc-47c">
         <name>.text:hal_UART_TxByte</name>
         <load_address>0x11ae6</load_address>
         <run_address>0x11ae6</run_address>
         <size>0x16</size>
         <input_file_ref idref="fl-6"/>
      </object_component>
      <object_component id="oc-72b">
         <name>.text</name>
         <load_address>0x11afc</load_address>
         <run_address>0x11afc</run_address>
         <size>0x16</size>
         <input_file_ref idref="fl-2d"/>
      </object_component>
      <object_component id="oc-682">
         <name>.text:Timing_Roll</name>
         <load_address>0x11b12</load_address>
         <run_address>0x11b12</run_address>
         <size>0x14</size>
         <input_file_ref idref="fl-b"/>
      </object_component>
      <object_component id="oc-38c">
         <name>.text:memcpy</name>
         <load_address>0x11b26</load_address>
         <run_address>0x11b26</run_address>
         <size>0x14</size>
         <input_file_ref idref="fl-5d"/>
      </object_component>
      <object_component id="oc-73">
         <name>.text:decompress:none:__TI_decompress_none</name>
         <load_address>0x11b3a</load_address>
         <run_address>0x11b3a</run_address>
         <size>0x12</size>
         <input_file_ref idref="fl-57"/>
      </object_component>
      <object_component id="oc-591">
         <name>.text:IdentifyTask</name>
         <load_address>0x11b4c</load_address>
         <run_address>0x11b4c</run_address>
         <size>0xe</size>
         <input_file_ref idref="fl-a"/>
      </object_component>
      <object_component id="oc-609">
         <name>.text:List_UnlinkFirst</name>
         <load_address>0x11b5a</load_address>
         <run_address>0x11b5a</run_address>
         <size>0xc</size>
         <input_file_ref idref="fl-7"/>
      </object_component>
      <object_component id="oc-567">
         <name>.text:TimeNow</name>
         <load_address>0x11b66</load_address>
         <run_address>0x11b66</run_address>
         <size>0xa</size>
         <input_file_ref idref="fl-b"/>
      </object_component>
      <object_component id="oc-463">
         <name>.text</name>
         <load_address>0x11b70</load_address>
         <run_address>0x11b70</run_address>
         <size>0xa</size>
         <input_file_ref idref="fl-47"/>
      </object_component>
      <object_component id="oc-597">
         <name>.text:List_SetIdentifyFunction</name>
         <load_address>0x11b7a</load_address>
         <run_address>0x11b7a</run_address>
         <size>0x6</size>
         <input_file_ref idref="fl-7"/>
      </object_component>
      <object_component id="oc-58b">
         <name>.text:List_SetSortFunction</name>
         <load_address>0x11b80</load_address>
         <run_address>0x11b80</run_address>
         <size>0x6</size>
         <input_file_ref idref="fl-7"/>
      </object_component>
      <object_component id="oc-4ee">
         <name>.text:abort</name>
         <load_address>0x11b86</load_address>
         <run_address>0x11b86</run_address>
         <size>0x6</size>
         <input_file_ref idref="fl-5a"/>
      </object_component>
      <object_component id="oc-488">
         <name>.text:Buffer_GetSize</name>
         <load_address>0x11b8c</load_address>
         <run_address>0x11b8c</run_address>
         <size>0x4</size>
         <input_file_ref idref="fl-3"/>
      </object_component>
      <object_component id="oc-424">
         <name>.text:_system_pre_init</name>
         <load_address>0x11b90</load_address>
         <run_address>0x11b90</run_address>
         <size>0x4</size>
         <input_file_ref idref="fl-55"/>
      </object_component>
      <object_component id="oc-62e">
         <name>.text:_system_post_cinit</name>
         <load_address>0x11b94</load_address>
         <run_address>0x11b94</run_address>
         <size>0x2</size>
         <input_file_ref idref="fl-56"/>
      </object_component>
      <object_component id="oc-3c2">
         <name>.text:_isr:_c_int00_noargs</name>
         <load_address>0x4400</load_address>
         <run_address>0x4400</run_address>
         <size>0x1c</size>
         <input_file_ref idref="fl-50"/>
      </object_component>
      <object_component id="oc-39e">
         <name>.text:_isr:_UART1_ISR</name>
         <load_address>0x441c</load_address>
         <run_address>0x441c</run_address>
         <size>0x18</size>
         <input_file_ref idref="fl-6"/>
      </object_component>
      <object_component id="oc-3aa">
         <name>.text:_isr:ADC12_ISR</name>
         <load_address>0x4434</load_address>
         <run_address>0x4434</run_address>
         <size>0x16</size>
         <input_file_ref idref="fl-5"/>
      </object_component>
      <object_component id="oc-3a4">
         <name>.text:_isr:TIMER0_A0_ISR</name>
         <load_address>0x444a</load_address>
         <run_address>0x444a</run_address>
         <size>0xe</size>
         <input_file_ref idref="fl-b"/>
      </object_component>
      <object_component id="oc-399">
         <name>.text:_isr:__TI_ISR_TRAP</name>
         <load_address>0x4458</load_address>
         <run_address>0x4458</run_address>
         <size>0x8</size>
         <input_file_ref idref="fl-46"/>
      </object_component>
      <object_component id="oc-7d5">
         <name>__TI_handler_table</name>
         <load_address>0x4470</load_address>
         <run_address>0x4470</run_address>
         <size>0xc</size>
      </object_component>
      <object_component id="oc-7d8">
         <name>.cinit..data.load</name>
         <load_address>0x447c</load_address>
         <run_address>0x447c</run_address>
         <size>0x8</size>
      </object_component>
      <object_component id="oc-7d7">
         <name>.cinit..bss.load</name>
         <load_address>0x4484</load_address>
         <run_address>0x4484</run_address>
         <size>0x6</size>
      </object_component>
      <object_component id="oc-7d6">
         <name>__TI_cinit_table</name>
         <load_address>0x448a</load_address>
         <run_address>0x448a</run_address>
         <size>0x10</size>
      </object_component>
      <object_component id="oc-5ea">
         <name>.const:.string</name>
         <load_address>0x4460</load_address>
         <run_address>0x4460</run_address>
         <size>0x10</size>
         <input_file_ref idref="fl-8"/>
      </object_component>
      <object_component id="oc-767">
         <name>.binit</name>
         <load_address>0x4400</load_address>
         <run_address>0x4400</run_address>
         <size>0x0</size>
      </object_component>
      <object_component id="oc-79">
         <name>.int41</name>
         <load_address>0xffd2</load_address>
         <run_address>0xffd2</run_address>
         <size>0x2</size>
         <input_file_ref idref="fl-33"/>
      </object_component>
      <object_component id="oc-7a">
         <name>.int42</name>
         <load_address>0xffd4</load_address>
         <run_address>0xffd4</run_address>
         <size>0x2</size>
         <input_file_ref idref="fl-34"/>
      </object_component>
      <object_component id="oc-7b">
         <name>.int43</name>
         <load_address>0xffd6</load_address>
         <run_address>0xffd6</run_address>
         <size>0x2</size>
         <input_file_ref idref="fl-35"/>
      </object_component>
      <object_component id="oc-7c">
         <name>.int44</name>
         <load_address>0xffd8</load_address>
         <run_address>0xffd8</run_address>
         <size>0x2</size>
         <input_file_ref idref="fl-36"/>
      </object_component>
      <object_component id="oc-7d">
         <name>.int45</name>
         <load_address>0xffda</load_address>
         <run_address>0xffda</run_address>
         <size>0x2</size>
         <input_file_ref idref="fl-37"/>
      </object_component>
      <object_component id="oc-7e">
         <name>.int46</name>
         <load_address>0xffdc</load_address>
         <run_address>0xffdc</run_address>
         <size>0x2</size>
         <input_file_ref idref="fl-6"/>
      </object_component>
      <object_component id="oc-7f">
         <name>.int47</name>
         <load_address>0xffde</load_address>
         <run_address>0xffde</run_address>
         <size>0x2</size>
         <input_file_ref idref="fl-38"/>
      </object_component>
      <object_component id="oc-80">
         <name>.int48</name>
         <load_address>0xffe0</load_address>
         <run_address>0xffe0</run_address>
         <size>0x2</size>
         <input_file_ref idref="fl-39"/>
      </object_component>
      <object_component id="oc-81">
         <name>.int49</name>
         <load_address>0xffe2</load_address>
         <run_address>0xffe2</run_address>
         <size>0x2</size>
         <input_file_ref idref="fl-3a"/>
      </object_component>
      <object_component id="oc-82">
         <name>.int50</name>
         <load_address>0xffe4</load_address>
         <run_address>0xffe4</run_address>
         <size>0x2</size>
         <input_file_ref idref="fl-3b"/>
      </object_component>
      <object_component id="oc-83">
         <name>.int51</name>
         <load_address>0xffe6</load_address>
         <run_address>0xffe6</run_address>
         <size>0x2</size>
         <input_file_ref idref="fl-3c"/>
      </object_component>
      <object_component id="oc-84">
         <name>.int52</name>
         <load_address>0xffe8</load_address>
         <run_address>0xffe8</run_address>
         <size>0x2</size>
         <input_file_ref idref="fl-3d"/>
      </object_component>
      <object_component id="oc-85">
         <name>.int53</name>
         <load_address>0xffea</load_address>
         <run_address>0xffea</run_address>
         <size>0x2</size>
         <input_file_ref idref="fl-b"/>
      </object_component>
      <object_component id="oc-86">
         <name>.int54</name>
         <load_address>0xffec</load_address>
         <run_address>0xffec</run_address>
         <size>0x2</size>
         <input_file_ref idref="fl-5"/>
      </object_component>
      <object_component id="oc-87">
         <name>.int55</name>
         <load_address>0xffee</load_address>
         <run_address>0xffee</run_address>
         <size>0x2</size>
         <input_file_ref idref="fl-3e"/>
      </object_component>
      <object_component id="oc-88">
         <name>.int56</name>
         <load_address>0xfff0</load_address>
         <run_address>0xfff0</run_address>
         <size>0x2</size>
         <input_file_ref idref="fl-3f"/>
      </object_component>
      <object_component id="oc-89">
         <name>.int57</name>
         <load_address>0xfff2</load_address>
         <run_address>0xfff2</run_address>
         <size>0x2</size>
         <input_file_ref idref="fl-40"/>
      </object_component>
      <object_component id="oc-8a">
         <name>.int58</name>
         <load_address>0xfff4</load_address>
         <run_address>0xfff4</run_address>
         <size>0x2</size>
         <input_file_ref idref="fl-41"/>
      </object_component>
      <object_component id="oc-8b">
         <name>.int59</name>
         <load_address>0xfff6</load_address>
         <run_address>0xfff6</run_address>
         <size>0x2</size>
         <input_file_ref idref="fl-42"/>
      </object_component>
      <object_component id="oc-8c">
         <name>.int60</name>
         <load_address>0xfff8</load_address>
         <run_address>0xfff8</run_address>
         <size>0x2</size>
         <input_file_ref idref="fl-43"/>
      </object_component>
      <object_component id="oc-8d">
         <name>.int61</name>
         <load_address>0xfffa</load_address>
         <run_address>0xfffa</run_address>
         <size>0x2</size>
         <input_file_ref idref="fl-44"/>
      </object_component>
      <object_component id="oc-8e">
         <name>.int62</name>
         <load_address>0xfffc</load_address>
         <run_address>0xfffc</run_address>
         <size>0x2</size>
         <input_file_ref idref="fl-45"/>
      </object_component>
      <object_component id="oc-380">
         <name>.reset</name>
         <load_address>0xfffe</load_address>
         <run_address>0xfffe</run_address>
         <size>0x2</size>
         <input_file_ref idref="fl-50"/>
      </object_component>
      <object_component id="oc-558">
         <name>.debug_info</name>
         <load_address>0x0</load_address>
         <run_address>0x0</run_address>
         <size>0x3f4</size>
         <input_file_ref idref="fl-2"/>
      </object_component>
      <object_component id="oc-5f4">
         <name>.debug_info</name>
         <load_address>0x3f4</load_address>
         <run_address>0x3f4</run_address>
         <size>0x132</size>
         <input_file_ref idref="fl-2"/>
      </object_component>
      <object_component id="oc-4a2">
         <name>.debug_info</name>
         <load_address>0x526</load_address>
         <run_address>0x526</run_address>
         <size>0x182</size>
         <input_file_ref idref="fl-2"/>
      </object_component>
      <object_component id="oc-4a5">
         <name>.debug_info</name>
         <load_address>0x6a8</load_address>
         <run_address>0x6a8</run_address>
         <size>0x14a</size>
         <input_file_ref idref="fl-2"/>
      </object_component>
      <object_component id="oc-5f7">
         <name>.debug_info</name>
         <load_address>0x7f2</load_address>
         <run_address>0x7f2</run_address>
         <size>0x26a</size>
         <input_file_ref idref="fl-2"/>
      </object_component>
      <object_component id="oc-4a8">
         <name>.debug_info</name>
         <load_address>0xa5c</load_address>
         <run_address>0xa5c</run_address>
         <size>0x25c</size>
         <input_file_ref idref="fl-2"/>
      </object_component>
      <object_component id="oc-416">
         <name>.debug_info</name>
         <load_address>0xcb8</load_address>
         <run_address>0xcb8</run_address>
         <size>0x279</size>
         <input_file_ref idref="fl-2"/>
      </object_component>
      <object_component id="oc-4d6">
         <name>.debug_info</name>
         <load_address>0xf31</load_address>
         <run_address>0xf31</run_address>
         <size>0x210</size>
         <input_file_ref idref="fl-2"/>
      </object_component>
      <object_component id="oc-4e2">
         <name>.debug_info</name>
         <load_address>0x1141</load_address>
         <run_address>0x1141</run_address>
         <size>0x315</size>
         <input_file_ref idref="fl-2"/>
      </object_component>
      <object_component id="oc-49c">
         <name>.debug_info</name>
         <load_address>0x1456</load_address>
         <run_address>0x1456</run_address>
         <size>0x26b</size>
         <input_file_ref idref="fl-2"/>
      </object_component>
      <object_component id="oc-497">
         <name>.debug_info</name>
         <load_address>0x16c1</load_address>
         <run_address>0x16c1</run_address>
         <size>0x757</size>
         <input_file_ref idref="fl-2"/>
      </object_component>
      <object_component id="oc-387">
         <name>.debug_info</name>
         <load_address>0x1e18</load_address>
         <run_address>0x1e18</run_address>
         <size>0x84</size>
         <input_file_ref idref="fl-2"/>
      </object_component>
      <object_component id="oc-544">
         <name>.debug_info</name>
         <load_address>0x1e9c</load_address>
         <run_address>0x1e9c</run_address>
         <size>0x39</size>
         <input_file_ref idref="fl-2"/>
      </object_component>
      <object_component id="oc-653">
         <name>.debug_info</name>
         <load_address>0x1ed5</load_address>
         <run_address>0x1ed5</run_address>
         <size>0x8a</size>
         <input_file_ref idref="fl-2"/>
      </object_component>
      <object_component id="oc-54e">
         <name>.debug_info</name>
         <load_address>0x1f5f</load_address>
         <run_address>0x1f5f</run_address>
         <size>0x275</size>
         <input_file_ref idref="fl-2"/>
      </object_component>
      <object_component id="oc-470">
         <name>.debug_info</name>
         <load_address>0x21d4</load_address>
         <run_address>0x21d4</run_address>
         <size>0xbb</size>
         <input_file_ref idref="fl-2"/>
      </object_component>
      <object_component id="oc-54b">
         <name>.debug_info</name>
         <load_address>0x228f</load_address>
         <run_address>0x228f</run_address>
         <size>0x306</size>
         <input_file_ref idref="fl-3"/>
      </object_component>
      <object_component id="oc-5b8">
         <name>.debug_info</name>
         <load_address>0x2595</load_address>
         <run_address>0x2595</run_address>
         <size>0x2a2</size>
         <input_file_ref idref="fl-3"/>
      </object_component>
      <object_component id="oc-48b">
         <name>.debug_info</name>
         <load_address>0x2837</load_address>
         <run_address>0x2837</run_address>
         <size>0x240</size>
         <input_file_ref idref="fl-3"/>
      </object_component>
      <object_component id="oc-45f">
         <name>.debug_info</name>
         <load_address>0x2a77</load_address>
         <run_address>0x2a77</run_address>
         <size>0x29c</size>
         <input_file_ref idref="fl-3"/>
      </object_component>
      <object_component id="oc-478">
         <name>.debug_info</name>
         <load_address>0x2d13</load_address>
         <run_address>0x2d13</run_address>
         <size>0x266</size>
         <input_file_ref idref="fl-3"/>
      </object_component>
      <object_component id="oc-530">
         <name>.debug_info</name>
         <load_address>0x2f79</load_address>
         <run_address>0x2f79</run_address>
         <size>0xd6</size>
         <input_file_ref idref="fl-3"/>
      </object_component>
      <object_component id="oc-3f6">
         <name>.debug_info</name>
         <load_address>0x304f</load_address>
         <run_address>0x304f</run_address>
         <size>0x2c</size>
         <input_file_ref idref="fl-3"/>
      </object_component>
      <object_component id="oc-721">
         <name>.debug_info</name>
         <load_address>0x307b</load_address>
         <run_address>0x307b</run_address>
         <size>0x2d1</size>
         <input_file_ref idref="fl-4"/>
      </object_component>
      <object_component id="oc-6f1">
         <name>.debug_info</name>
         <load_address>0x334c</load_address>
         <run_address>0x334c</run_address>
         <size>0x2bc</size>
         <input_file_ref idref="fl-4"/>
      </object_component>
      <object_component id="oc-6fd">
         <name>.debug_info</name>
         <load_address>0x3608</load_address>
         <run_address>0x3608</run_address>
         <size>0x2bd</size>
         <input_file_ref idref="fl-4"/>
      </object_component>
      <object_component id="oc-6f7">
         <name>.debug_info</name>
         <load_address>0x38c5</load_address>
         <run_address>0x38c5</run_address>
         <size>0x28a</size>
         <input_file_ref idref="fl-4"/>
      </object_component>
      <object_component id="oc-703">
         <name>.debug_info</name>
         <load_address>0x3b4f</load_address>
         <run_address>0x3b4f</run_address>
         <size>0x2b1</size>
         <input_file_ref idref="fl-4"/>
      </object_component>
      <object_component id="oc-709">
         <name>.debug_info</name>
         <load_address>0x3e00</load_address>
         <run_address>0x3e00</run_address>
         <size>0x270</size>
         <input_file_ref idref="fl-4"/>
      </object_component>
      <object_component id="oc-70f">
         <name>.debug_info</name>
         <load_address>0x4070</load_address>
         <run_address>0x4070</run_address>
         <size>0x280</size>
         <input_file_ref idref="fl-4"/>
      </object_component>
      <object_component id="oc-71b">
         <name>.debug_info</name>
         <load_address>0x42f0</load_address>
         <run_address>0x42f0</run_address>
         <size>0x34a</size>
         <input_file_ref idref="fl-4"/>
      </object_component>
      <object_component id="oc-694">
         <name>.debug_info</name>
         <load_address>0x463a</load_address>
         <run_address>0x463a</run_address>
         <size>0x3b5</size>
         <input_file_ref idref="fl-4"/>
      </object_component>
      <object_component id="oc-53f">
         <name>.debug_info</name>
         <load_address>0x49ef</load_address>
         <run_address>0x49ef</run_address>
         <size>0x2c</size>
         <input_file_ref idref="fl-4"/>
      </object_component>
      <object_component id="oc-4b4">
         <name>.debug_info</name>
         <load_address>0x4a1b</load_address>
         <run_address>0x4a1b</run_address>
         <size>0x288</size>
         <input_file_ref idref="fl-5"/>
      </object_component>
      <object_component id="oc-5e4">
         <name>.debug_info</name>
         <load_address>0x4ca3</load_address>
         <run_address>0x4ca3</run_address>
         <size>0x24a</size>
         <input_file_ref idref="fl-5"/>
      </object_component>
      <object_component id="oc-3ac">
         <name>.debug_info</name>
         <load_address>0x4eed</load_address>
         <run_address>0x4eed</run_address>
         <size>0x269</size>
         <input_file_ref idref="fl-5"/>
      </object_component>
      <object_component id="oc-723">
         <name>.debug_info</name>
         <load_address>0x5156</load_address>
         <run_address>0x5156</run_address>
         <size>0x29d</size>
         <input_file_ref idref="fl-6"/>
      </object_component>
      <object_component id="oc-47d">
         <name>.debug_info</name>
         <load_address>0x53f3</load_address>
         <run_address>0x53f3</run_address>
         <size>0x297</size>
         <input_file_ref idref="fl-6"/>
      </object_component>
      <object_component id="oc-483">
         <name>.debug_info</name>
         <load_address>0x568a</load_address>
         <run_address>0x568a</run_address>
         <size>0x295</size>
         <input_file_ref idref="fl-6"/>
      </object_component>
      <object_component id="oc-458">
         <name>.debug_info</name>
         <load_address>0x591f</load_address>
         <run_address>0x591f</run_address>
         <size>0x285</size>
         <input_file_ref idref="fl-6"/>
      </object_component>
      <object_component id="oc-5c1">
         <name>.debug_info</name>
         <load_address>0x5ba4</load_address>
         <run_address>0x5ba4</run_address>
         <size>0x283</size>
         <input_file_ref idref="fl-6"/>
      </object_component>
      <object_component id="oc-5d1">
         <name>.debug_info</name>
         <load_address>0x5e27</load_address>
         <run_address>0x5e27</run_address>
         <size>0x281</size>
         <input_file_ref idref="fl-6"/>
      </object_component>
      <object_component id="oc-5d7">
         <name>.debug_info</name>
         <load_address>0x60a8</load_address>
         <run_address>0x60a8</run_address>
         <size>0x297</size>
         <input_file_ref idref="fl-6"/>
      </object_component>
      <object_component id="oc-5dd">
         <name>.debug_info</name>
         <load_address>0x633f</load_address>
         <run_address>0x633f</run_address>
         <size>0x297</size>
         <input_file_ref idref="fl-6"/>
      </object_component>
      <object_component id="oc-4d0">
         <name>.debug_info</name>
         <load_address>0x65d6</load_address>
         <run_address>0x65d6</run_address>
         <size>0x4ed</size>
         <input_file_ref idref="fl-6"/>
      </object_component>
      <object_component id="oc-48f">
         <name>.debug_info</name>
         <load_address>0x6ac3</load_address>
         <run_address>0x6ac3</run_address>
         <size>0x299</size>
         <input_file_ref idref="fl-6"/>
      </object_component>
      <object_component id="oc-46a">
         <name>.debug_info</name>
         <load_address>0x6d5c</load_address>
         <run_address>0x6d5c</run_address>
         <size>0x293</size>
         <input_file_ref idref="fl-6"/>
      </object_component>
      <object_component id="oc-405">
         <name>.debug_info</name>
         <load_address>0x6fef</load_address>
         <run_address>0x6fef</run_address>
         <size>0x287</size>
         <input_file_ref idref="fl-6"/>
      </object_component>
      <object_component id="oc-39f">
         <name>.debug_info</name>
         <load_address>0x7276</load_address>
         <run_address>0x7276</run_address>
         <size>0x28f</size>
         <input_file_ref idref="fl-6"/>
      </object_component>
      <object_component id="oc-53a">
         <name>.debug_info</name>
         <load_address>0x7505</load_address>
         <run_address>0x7505</run_address>
         <size>0x5a</size>
         <input_file_ref idref="fl-6"/>
      </object_component>
      <object_component id="oc-66b">
         <name>.debug_info</name>
         <load_address>0x755f</load_address>
         <run_address>0x755f</run_address>
         <size>0x325</size>
         <input_file_ref idref="fl-7"/>
      </object_component>
      <object_component id="oc-6ae">
         <name>.debug_info</name>
         <load_address>0x7884</load_address>
         <run_address>0x7884</run_address>
         <size>0x257</size>
         <input_file_ref idref="fl-7"/>
      </object_component>
      <object_component id="oc-6b5">
         <name>.debug_info</name>
         <load_address>0x7adb</load_address>
         <run_address>0x7adb</run_address>
         <size>0x2a2</size>
         <input_file_ref idref="fl-7"/>
      </object_component>
      <object_component id="oc-60a">
         <name>.debug_info</name>
         <load_address>0x7d7d</load_address>
         <run_address>0x7d7d</run_address>
         <size>0x253</size>
         <input_file_ref idref="fl-7"/>
      </object_component>
      <object_component id="oc-58c">
         <name>.debug_info</name>
         <load_address>0x7fd0</load_address>
         <run_address>0x7fd0</run_address>
         <size>0x268</size>
         <input_file_ref idref="fl-7"/>
      </object_component>
      <object_component id="oc-598">
         <name>.debug_info</name>
         <load_address>0x8238</load_address>
         <run_address>0x8238</run_address>
         <size>0x280</size>
         <input_file_ref idref="fl-7"/>
      </object_component>
      <object_component id="oc-6a6">
         <name>.debug_info</name>
         <load_address>0x84b8</load_address>
         <run_address>0x84b8</run_address>
         <size>0x2b7</size>
         <input_file_ref idref="fl-7"/>
      </object_component>
      <object_component id="oc-610">
         <name>.debug_info</name>
         <load_address>0x876f</load_address>
         <run_address>0x876f</run_address>
         <size>0x26f</size>
         <input_file_ref idref="fl-7"/>
      </object_component>
      <object_component id="oc-616">
         <name>.debug_info</name>
         <load_address>0x89de</load_address>
         <run_address>0x89de</run_address>
         <size>0x2d7</size>
         <input_file_ref idref="fl-7"/>
      </object_component>
      <object_component id="oc-5fe">
         <name>.debug_info</name>
         <load_address>0x8cb5</load_address>
         <run_address>0x8cb5</run_address>
         <size>0x28d</size>
         <input_file_ref idref="fl-7"/>
      </object_component>
      <object_component id="oc-580">
         <name>.debug_info</name>
         <load_address>0x8f42</load_address>
         <run_address>0x8f42</run_address>
         <size>0x371</size>
         <input_file_ref idref="fl-7"/>
      </object_component>
      <object_component id="oc-67d">
         <name>.debug_info</name>
         <load_address>0x92b3</load_address>
         <run_address>0x92b3</run_address>
         <size>0x254</size>
         <input_file_ref idref="fl-7"/>
      </object_component>
      <object_component id="oc-604">
         <name>.debug_info</name>
         <load_address>0x9507</load_address>
         <run_address>0x9507</run_address>
         <size>0x230</size>
         <input_file_ref idref="fl-7"/>
      </object_component>
      <object_component id="oc-6e5">
         <name>.debug_info</name>
         <load_address>0x9737</load_address>
         <run_address>0x9737</run_address>
         <size>0x2a8</size>
         <input_file_ref idref="fl-7"/>
      </object_component>
      <object_component id="oc-665">
         <name>.debug_info</name>
         <load_address>0x99df</load_address>
         <run_address>0x99df</run_address>
         <size>0x25c</size>
         <input_file_ref idref="fl-7"/>
      </object_component>
      <object_component id="oc-562">
         <name>.debug_info</name>
         <load_address>0x9c3b</load_address>
         <run_address>0x9c3b</run_address>
         <size>0x270</size>
         <input_file_ref idref="fl-7"/>
      </object_component>
      <object_component id="oc-65f">
         <name>.debug_info</name>
         <load_address>0x9eab</load_address>
         <run_address>0x9eab</run_address>
         <size>0x19b</size>
         <input_file_ref idref="fl-7"/>
      </object_component>
      <object_component id="oc-5f2">
         <name>.debug_info</name>
         <load_address>0xa046</load_address>
         <run_address>0xa046</run_address>
         <size>0x5e9</size>
         <input_file_ref idref="fl-8"/>
      </object_component>
      <object_component id="oc-4dc">
         <name>.debug_info</name>
         <load_address>0xa62f</load_address>
         <run_address>0xa62f</run_address>
         <size>0x172</size>
         <input_file_ref idref="fl-8"/>
      </object_component>
      <object_component id="oc-570">
         <name>.debug_info</name>
         <load_address>0xa7a1</load_address>
         <run_address>0xa7a1</run_address>
         <size>0x137</size>
         <input_file_ref idref="fl-8"/>
      </object_component>
      <object_component id="oc-4be">
         <name>.debug_info</name>
         <load_address>0xa8d8</load_address>
         <run_address>0xa8d8</run_address>
         <size>0x146</size>
         <input_file_ref idref="fl-8"/>
      </object_component>
      <object_component id="oc-42b">
         <name>.debug_info</name>
         <load_address>0xaa1e</load_address>
         <run_address>0xaa1e</run_address>
         <size>0x185</size>
         <input_file_ref idref="fl-8"/>
      </object_component>
      <object_component id="oc-55f">
         <name>.debug_info</name>
         <load_address>0xaba3</load_address>
         <run_address>0xaba3</run_address>
         <size>0x6e3</size>
         <input_file_ref idref="fl-a"/>
      </object_component>
      <object_component id="oc-59f">
         <name>.debug_info</name>
         <load_address>0xb286</load_address>
         <run_address>0xb286</run_address>
         <size>0x26f</size>
         <input_file_ref idref="fl-a"/>
      </object_component>
      <object_component id="oc-592">
         <name>.debug_info</name>
         <load_address>0xb4f5</load_address>
         <run_address>0xb4f5</run_address>
         <size>0x267</size>
         <input_file_ref idref="fl-a"/>
      </object_component>
      <object_component id="oc-586">
         <name>.debug_info</name>
         <load_address>0xb75c</load_address>
         <run_address>0xb75c</run_address>
         <size>0x22f</size>
         <input_file_ref idref="fl-a"/>
      </object_component>
      <object_component id="oc-4e8">
         <name>.debug_info</name>
         <load_address>0xb98b</load_address>
         <run_address>0xb98b</run_address>
         <size>0x2d2</size>
         <input_file_ref idref="fl-a"/>
      </object_component>
      <object_component id="oc-5a5">
         <name>.debug_info</name>
         <load_address>0xbc5d</load_address>
         <run_address>0xbc5d</run_address>
         <size>0x2f4</size>
         <input_file_ref idref="fl-a"/>
      </object_component>
      <object_component id="oc-4ae">
         <name>.debug_info</name>
         <load_address>0xbf51</load_address>
         <run_address>0xbf51</run_address>
         <size>0x28a</size>
         <input_file_ref idref="fl-a"/>
      </object_component>
      <object_component id="oc-4c4">
         <name>.debug_info</name>
         <load_address>0xc1db</load_address>
         <run_address>0xc1db</run_address>
         <size>0x293</size>
         <input_file_ref idref="fl-a"/>
      </object_component>
      <object_component id="oc-65a">
         <name>.debug_info</name>
         <load_address>0xc46e</load_address>
         <run_address>0xc46e</run_address>
         <size>0x86</size>
         <input_file_ref idref="fl-a"/>
      </object_component>
      <object_component id="oc-412">
         <name>.debug_info</name>
         <load_address>0xc4f4</load_address>
         <run_address>0xc4f4</run_address>
         <size>0x32e</size>
         <input_file_ref idref="fl-b"/>
      </object_component>
      <object_component id="oc-674">
         <name>.debug_info</name>
         <load_address>0xc822</load_address>
         <run_address>0xc822</run_address>
         <size>0x242</size>
         <input_file_ref idref="fl-b"/>
      </object_component>
      <object_component id="oc-686">
         <name>.debug_info</name>
         <load_address>0xca64</load_address>
         <run_address>0xca64</run_address>
         <size>0x20c</size>
         <input_file_ref idref="fl-b"/>
      </object_component>
      <object_component id="oc-57b">
         <name>.debug_info</name>
         <load_address>0xcc70</load_address>
         <run_address>0xcc70</run_address>
         <size>0x243</size>
         <input_file_ref idref="fl-b"/>
      </object_component>
      <object_component id="oc-56b">
         <name>.debug_info</name>
         <load_address>0xceb3</load_address>
         <run_address>0xceb3</run_address>
         <size>0x208</size>
         <input_file_ref idref="fl-b"/>
      </object_component>
      <object_component id="oc-3a8">
         <name>.debug_info</name>
         <load_address>0xd0bb</load_address>
         <run_address>0xd0bb</run_address>
         <size>0x23f</size>
         <input_file_ref idref="fl-b"/>
      </object_component>
      <object_component id="oc-455">
         <name>.debug_info</name>
         <load_address>0xd2fa</load_address>
         <run_address>0xd2fa</run_address>
         <size>0x85a</size>
         <input_file_ref idref="fl-c"/>
      </object_component>
      <object_component id="oc-69a">
         <name>.debug_info</name>
         <load_address>0xdb54</load_address>
         <run_address>0xdb54</run_address>
         <size>0x303</size>
         <input_file_ref idref="fl-c"/>
      </object_component>
      <object_component id="oc-5ec">
         <name>.debug_info</name>
         <load_address>0xde57</load_address>
         <run_address>0xde57</run_address>
         <size>0x296</size>
         <input_file_ref idref="fl-c"/>
      </object_component>
      <object_component id="oc-40b">
         <name>.debug_info</name>
         <load_address>0xe0ed</load_address>
         <run_address>0xe0ed</run_address>
         <size>0x2e7</size>
         <input_file_ref idref="fl-c"/>
      </object_component>
      <object_component id="oc-5ad">
         <name>.debug_info</name>
         <load_address>0xe3d4</load_address>
         <run_address>0xe3d4</run_address>
         <size>0x399</size>
         <input_file_ref idref="fl-c"/>
      </object_component>
      <object_component id="oc-3ff">
         <name>.debug_info</name>
         <load_address>0xe76d</load_address>
         <run_address>0xe76d</run_address>
         <size>0x2af</size>
         <input_file_ref idref="fl-c"/>
      </object_component>
      <object_component id="oc-4ca">
         <name>.debug_info</name>
         <load_address>0xea1c</load_address>
         <run_address>0xea1c</run_address>
         <size>0x2ae</size>
         <input_file_ref idref="fl-c"/>
      </object_component>
      <object_component id="oc-535">
         <name>.debug_info</name>
         <load_address>0xecca</load_address>
         <run_address>0xecca</run_address>
         <size>0xed</size>
         <input_file_ref idref="fl-c"/>
      </object_component>
      <object_component id="oc-72c">
         <name>.debug_info</name>
         <load_address>0xedb7</load_address>
         <run_address>0xedb7</run_address>
         <size>0x119</size>
         <input_file_ref idref="fl-2d"/>
      </object_component>
      <object_component id="oc-5c9">
         <name>.debug_info</name>
         <load_address>0xeed0</load_address>
         <run_address>0xeed0</run_address>
         <size>0x11b</size>
         <input_file_ref idref="fl-2f"/>
      </object_component>
      <object_component id="oc-754">
         <name>.debug_info</name>
         <load_address>0xefeb</load_address>
         <run_address>0xefeb</run_address>
         <size>0x119</size>
         <input_file_ref idref="fl-30"/>
      </object_component>
      <object_component id="oc-74e">
         <name>.debug_info</name>
         <load_address>0xf104</load_address>
         <run_address>0xf104</run_address>
         <size>0x12d</size>
         <input_file_ref idref="fl-31"/>
      </object_component>
      <object_component id="oc-757">
         <name>.debug_info</name>
         <load_address>0xf231</load_address>
         <run_address>0xf231</run_address>
         <size>0x12f</size>
         <input_file_ref idref="fl-32"/>
      </object_component>
      <object_component id="oc-39a">
         <name>.debug_info</name>
         <load_address>0xf360</load_address>
         <run_address>0xf360</run_address>
         <size>0x107</size>
         <input_file_ref idref="fl-46"/>
      </object_component>
      <object_component id="oc-464">
         <name>.debug_info</name>
         <load_address>0xf467</load_address>
         <run_address>0xf467</run_address>
         <size>0x118</size>
         <input_file_ref idref="fl-47"/>
      </object_component>
      <object_component id="oc-5cd">
         <name>.debug_info</name>
         <load_address>0xf57f</load_address>
         <run_address>0xf57f</run_address>
         <size>0x11e</size>
         <input_file_ref idref="fl-48"/>
      </object_component>
      <object_component id="oc-452">
         <name>.debug_info</name>
         <load_address>0xf69d</load_address>
         <run_address>0xf69d</run_address>
         <size>0x128</size>
         <input_file_ref idref="fl-4a"/>
      </object_component>
      <object_component id="oc-37e">
         <name>.debug_info</name>
         <load_address>0xf7c5</load_address>
         <run_address>0xf7c5</run_address>
         <size>0xf5</size>
         <input_file_ref idref="fl-50"/>
      </object_component>
      <object_component id="oc-3c3">
         <name>.debug_info</name>
         <load_address>0xf8ba</load_address>
         <run_address>0xf8ba</run_address>
         <size>0x16f</size>
         <input_file_ref idref="fl-50"/>
      </object_component>
      <object_component id="oc-635">
         <name>.debug_info</name>
         <load_address>0xfa29</load_address>
         <run_address>0xfa29</run_address>
         <size>0x490</size>
         <input_file_ref idref="fl-51"/>
      </object_component>
      <object_component id="oc-516">
         <name>.debug_info</name>
         <load_address>0xfeb9</load_address>
         <run_address>0xfeb9</run_address>
         <size>0x225</size>
         <input_file_ref idref="fl-51"/>
      </object_component>
      <object_component id="oc-6d3">
         <name>.debug_info</name>
         <load_address>0x100de</load_address>
         <run_address>0x100de</run_address>
         <size>0x39</size>
         <input_file_ref idref="fl-51"/>
      </object_component>
      <object_component id="oc-6df">
         <name>.debug_info</name>
         <load_address>0x10117</load_address>
         <run_address>0x10117</run_address>
         <size>0x2c</size>
         <input_file_ref idref="fl-51"/>
      </object_component>
      <object_component id="oc-640">
[...]
      </symbol>
      <symbol id="sm-51a">
         <name>hal_UART_Disable</name>
         <value>0x11a78</value>
         <object_component_ref idref="oc-5c0"/>
      </symbol>
      <symbol id="sm-51b">
         <name>hal_UART_ClearRxIF</name>
         <value>0x11a62</value>
         <object_component_ref idref="oc-404"/>
      </symbol>
      <symbol id="sm-51c">
         <name>hal_UART_EnableRxInterrupt</name>
         <value>0x11aba</value>
         <object_component_ref idref="oc-5dc"/>
      </symbol>
      <symbol id="sm-51d">
         <name>hal_UART_EnableTxInterrupt</name>
         <value>0x11ad0</value>
         <object_component_ref idref="oc-5d6"/>
      </symbol>
      <symbol id="sm-51e">
         <name>hal_UART_SpaceAvailable</name>
         <value>0x11926</value>
         <object_component_ref idref="oc-482"/>
      </symbol>
      <symbol id="sm-51f">
         <name>_UART1_ISR</name>
         <value>0x441c</value>
         <object_component_ref idref="oc-39e"/>
      </symbol>
      <symbol id="sm-520">
         <name>hal_UART_TxInterruptEnabled</name>
         <value>0x118a0</value>
         <object_component_ref idref="oc-722"/>
      </symbol>
      <symbol id="sm-521">
         <name>hal_UART_DisableTxInterrupt</name>
         <value>0x11a8e</value>
         <object_component_ref idref="oc-48e"/>
      </symbol>
      <symbol id="sm-522">
         <name>hal_UART_Enable</name>
         <value>0x11aa4</value>
         <object_component_ref idref="oc-5d0"/>
      </symbol>
      <symbol id="sm-523">
         <name>hal_UART_DataAvailable</name>
         <value>0x11906</value>
         <object_component_ref idref="oc-469"/>
      </symbol>
      <symbol id="sm-524">
         <name>hal_UART_RxByte</name>
         <value>0x11982</value>
         <object_component_ref idref="oc-457"/>
      </symbol>
      <symbol id="sm-525">
         <name>hal_UART_TxByte</name>
         <value>0x11ae6</value>
         <object_component_ref idref="oc-47c"/>
      </symbol>
      <symbol id="sm-526">
         <name>hal_UART_Init</name>
         <value>0x10000</value>
         <object_component_ref idref="oc-4cf"/>
      </symbol>
      <symbol id="sm-5db">
         <name>List_GetNext</name>
         <value>0x119ee</value>
         <object_component_ref idref="oc-67c"/>
      </symbol>
      <symbol id="sm-5dc">
         <name>List_UnlinkFirst</name>
         <value>0x11b5a</value>
         <object_component_ref idref="oc-609"/>
      </symbol>
      <symbol id="sm-5dd">
         <name>List_SetIdentifyFunction</name>
         <value>0x11b7a</value>
         <object_component_ref idref="oc-597"/>
      </symbol>
      <symbol id="sm-5de">
         <name>List_Remove</name>
         <value>0x11946</value>
         <object_component_ref idref="oc-60f"/>
      </symbol>
      <symbol id="sm-5df">
         <name>List_GetFirst</name>
         <value>0x118e6</value>
         <object_component_ref idref="oc-603"/>
      </symbol>
      <symbol id="sm-5e0">
         <name>List_Link</name>
         <value>0x10a66</value>
         <object_component_ref idref="oc-5fd"/>
      </symbol>
      <symbol id="sm-5e1">
         <name>List_AddIndirect</name>
         <value>0x11406</value>
         <object_component_ref idref="oc-561"/>
      </symbol>
      <symbol id="sm-5e2">
         <name>List_LinkItem</name>
         <value>0x10784</value>
         <object_component_ref idref="oc-615"/>
      </symbol>
      <symbol id="sm-5e3">
         <name>List_SetSortFunction</name>
         <value>0x11b80</value>
         <object_component_ref idref="oc-58b"/>
      </symbol>
      <symbol id="sm-5e4">
         <name>List_Init</name>
         <value>0x10e0c</value>
         <object_component_ref idref="oc-57f"/>
      </symbol>
      <symbol id="sm-60e">
         <name>printADCValue</name>
         <value>0x1199e</value>
         <object_component_ref idref="oc-4db"/>
      </symbol>
      <symbol id="sm-60f">
         <name>main</name>
         <value>0x115e6</value>
         <object_component_ref idref="oc-42a"/>
      </symbol>
      <symbol id="sm-610">
         <name>SetVcoreUp</name>
         <value>0x11500</value>
         <object_component_ref idref="oc-56f"/>
      </symbol>
      <symbol id="sm-611">
         <name>SetClk24MHz</name>
         <value>0x1101c</value>
         <object_component_ref idref="oc-4bd"/>
      </symbol>
      <symbol id="sm-667">
         <name>task_list_array</name>
         <value>0x2400</value>
      </symbol>
      <symbol id="sm-668">
         <name>task_list_links</name>
         <value>0x2720</value>
      </symbol>
      <symbol id="sm-669">
         <name>task_list</name>
         <value>0x2bd8</value>
      </symbol>
      <symbol id="sm-66a">
         <name>idle_task</name>
         <value>0x2cc0</value>
      </symbol>
      <symbol id="sm-66b">
         <name>Task_Queue</name>
         <value>0x1179c</value>
         <object_component_ref idref="oc-4ad"/>
      </symbol>
      <symbol id="sm-66c">
         <name>SystemTick</name>
         <value>0x10842</value>
         <object_component_ref idref="oc-4e7"/>
      </symbol>
      <symbol id="sm-66d">
         <name>Task_Schedule</name>
         <value>0x1159c</value>
         <object_component_ref idref="oc-5a4"/>
      </symbol>
      <symbol id="sm-66e">
         <name>Task_Init</name>
         <value>0x1110a</value>
         <object_component_ref idref="oc-4c3"/>
      </symbol>
      <symbol id="sm-69b">
         <name>time_ms</name>
         <value>0x2cc8</value>
      </symbol>
      <symbol id="sm-69c">
         <name>rollover_time</name>
         <value>0x2cc4</value>
      </symbol>
      <symbol id="sm-69d">
         <name>TimeNow</name>
         <value>0x11b66</value>
         <object_component_ref idref="oc-567"/>
      </symbol>
      <symbol id="sm-69e">
         <name>__TI_int53</name>
         <value>0xffea</value>
         <object_component_ref idref="oc-85"/>
      </symbol>
      <symbol id="sm-69f">
         <name>Timing_Init</name>
         <value>0x11964</value>
         <object_component_ref idref="oc-577"/>
      </symbol>
      <symbol id="sm-6a0">
         <name>Timing_Roll</name>
         <value>0x11b12</value>
         <object_component_ref idref="oc-682"/>
      </symbol>
      <symbol id="sm-6a1">
         <name>hal_Timing_Init</name>
         <value>0x11a06</value>
         <object_component_ref idref="oc-670"/>
      </symbol>
      <symbol id="sm-6a2">
         <name>TIMER0_A0_ISR</name>
         <value>0x444a</value>
         <object_component_ref idref="oc-3a4"/>
      </symbol>
      <symbol id="sm-6f4">
         <name>rx1</name>
         <value>0x2c74</value>
      </symbol>
      <symbol id="sm-6f5">
         <name>tx1</name>
         <value>0x2c90</value>
      </symbol>
      <symbol id="sm-6f6">
         <name>tx_buffer_array1</name>
         <value>0x2978</value>
      </symbol>
      <symbol id="sm-6f7">
         <name>rx_buffer_array1</name>
         <value>0x2c54</value>
      </symbol>
      <symbol id="sm-6f8">
         <name>receiverList1</name>
         <value>0x2cac</value>
      </symbol>
      <symbol id="sm-6f9">
         <name>receiver_array1</name>
         <value>0x2cb4</value>
      </symbol>
      <symbol id="sm-6fa">
         <name>uart</name>
         <value>0x2c30</value>
      </symbol>
      <symbol id="sm-6fb">
         <name>rx_flags</name>
         <value>0x2ccd</value>
      </symbol>
      <symbol id="sm-6fc">
         <name>error_flags</name>
         <value>0x2ccc</value>
      </symbol>
      <symbol id="sm-6fd">
         <name>UART_Rx_Handler</name>
         <value>0x116ae</value>
         <object_component_ref idref="oc-3fe"/>
      </symbol>
      <symbol id="sm-6fe">
         <name>UART_Tx_Handler</name>
         <value>0x1154e</value>
         <object_component_ref idref="oc-40a"/>
      </symbol>
      <symbol id="sm-6ff">
         <name>UART_printf</name>
         <value>0x117ce</value>
         <object_component_ref idref="oc-5eb"/>
      </symbol>
      <symbol id="sm-700">
         <name>UART_Tick</name>
         <value>0x103d4</value>
         <object_component_ref idref="oc-5ac"/>
      </symbol>
      <symbol id="sm-701">
         <name>UART_Init</name>
         <value>0x10bac</value>
         <object_component_ref idref="oc-4c9"/>
      </symbol>
      <symbol id="sm-70b">
         <name>__mspabi_remu</name>
         <value>0x11afc</value>
         <object_component_ref idref="oc-72b"/>
      </symbol>
      <symbol id="sm-70c">
         <name>__mspabi_divu</name>
         <value>0x11afc</value>
         <object_component_ref idref="oc-72b"/>
      </symbol>
      <symbol id="sm-71b">
         <name>__mspabi_remul</name>
         <value>0x11304</value>
         <object_component_ref idref="oc-5c6"/>
      </symbol>
      <symbol id="sm-71c">
         <name>__mspabi_divul</name>
         <value>0x11304</value>
         <object_component_ref idref="oc-5c6"/>
      </symbol>
      <symbol id="sm-733">
         <name>__mspabi_mpyf</name>
         <value>0x108fa</value>
         <object_component_ref idref="oc-751"/>
      </symbol>
      <symbol id="sm-745">
         <name>__mspabi_fixfi</name>
         <value>0x1117a</value>
         <object_component_ref idref="oc-74c"/>
      </symbol>
      <symbol id="sm-758">
         <name>__mspabi_fixfli</name>
         <value>0x10f24</value>
         <object_component_ref idref="oc-756"/>
      </symbol>
      <symbol id="sm-75b">
         <name>__TI_int41</name>
         <value>0xffd2</value>
         <object_component_ref idref="oc-79"/>
      </symbol>
      <symbol id="sm-75e">
         <name>__TI_int42</name>
         <value>0xffd4</value>
         <object_component_ref idref="oc-7a"/>
      </symbol>
      <symbol id="sm-761">
         <name>__TI_int43</name>
         <value>0xffd6</value>
         <object_component_ref idref="oc-7b"/>
      </symbol>
      <symbol id="sm-764">
         <name>__TI_int44</name>
         <value>0xffd8</value>
         <object_component_ref idref="oc-7c"/>
      </symbol>
      <symbol id="sm-767">
         <name>__TI_int45</name>
         <value>0xffda</value>
         <object_component_ref idref="oc-7d"/>
      </symbol>
      <symbol id="sm-76a">
         <name>__TI_int47</name>
         <value>0xffde</value>
         <object_component_ref idref="oc-7f"/>
      </symbol>
      <symbol id="sm-76d">
         <name>__TI_int48</name>
         <value>0xffe0</value>
         <object_component_ref idref="oc-80"/>
      </symbol>
      <symbol id="sm-770">
         <name>__TI_int49</name>
         <value>0xffe2</value>
         <object_component_ref idref="oc-81"/>
      </symbol>
      <symbol id="sm-773">
         <name>__TI_int50</name>
         <value>0xffe4</value>
         <object_component_ref idref="oc-82"/>
      </symbol>
      <symbol id="sm-776">
         <name>__TI_int51</name>
         <value>0xffe6</value>
         <object_component_ref idref="oc-83"/>
      </symbol>
      <symbol id="sm-779">
         <name>__TI_int52</name>
         <value>0xffe8</value>
         <object_component_ref idref="oc-84"/>
      </symbol>
      <symbol id="sm-77c">
         <name>__TI_int55</name>
         <value>0xffee</value>
         <object_component_ref idref="oc-87"/>
      </symbol>
      <symbol id="sm-77f">
         <name>__TI_int56</name>
         <value>0xfff0</value>
         <object_component_ref idref="oc-88"/>
      </symbol>
      <symbol id="sm-782">
         <name>__TI_int57</name>
         <value>0xfff2</value>
         <object_component_ref idref="oc-89"/>
      </symbol>
      <symbol id="sm-785">
         <name>__TI_int58</name>
         <value>0xfff4</value>
         <object_component_ref idref="oc-8a"/>
      </symbol>
      <symbol id="sm-788">
         <name>__TI_int59</name>
         <value>0xfff6</value>
         <object_component_ref idref="oc-8b"/>
      </symbol>
      <symbol id="sm-78b">
         <name>__TI_int60</name>
         <value>0xfff8</value>
         <object_component_ref idref="oc-8c"/>
      </symbol>
      <symbol id="sm-78e">
         <name>__TI_int61</name>
         <value>0xfffa</value>
         <object_component_ref idref="oc-8d"/>
      </symbol>
      <symbol id="sm-791">
         <name>__TI_int62</name>
         <value>0xfffc</value>
         <object_component_ref idref="oc-8e"/>
      </symbol>
      <symbol id="sm-799">
         <name>__TI_ISR_TRAP</name>
         <value>0x4458</value>
         <object_component_ref idref="oc-399"/>
      </symbol>
      <symbol id="sm-7a2">
         <name>__mspabi_slli</name>
         <value>0x11b70</value>
         <object_component_ref idref="oc-463"/>
      </symbol>
      <symbol id="sm-7aa">
         <name>__mspabi_srll_8</name>
         <value>0x11746</value>
         <object_component_ref idref="oc-5cb"/>
      </symbol>
      <symbol id="sm-7ab">
         <name>__mspabi_srll_9</name>
         <value>0x11742</value>
         <object_component_ref idref="oc-5cb"/>
      </symbol>
      <symbol id="sm-7ac">
         <name>__mspabi_srll_6</name>
         <value>0x1174e</value>
         <object_component_ref idref="oc-5cb"/>
      </symbol>
      <symbol id="sm-7ad">
         <name>__mspabi_srll_7</name>
         <value>0x1174a</value>
         <object_component_ref idref="oc-5cb"/>
      </symbol>
      <symbol id="sm-7ae">
         <name>__mspabi_srll_4</name>
         <value>0x11756</value>
         <object_component_ref idref="oc-5cb"/>
      </symbol>
      <symbol id="sm-7af">
         <name>__mspabi_srll_5</name>
         <value>0x11752</value>
         <object_component_ref idref="oc-5cb"/>
      </symbol>
      <symbol id="sm-7b0">
         <name>__mspabi_srll_2</name>
         <value>0x1175e</value>
         <object_component_ref idref="oc-5cb"/>
      </symbol>
      <symbol id="sm-7b1">
         <name>__mspabi_srll_3</name>
         <value>0x1175a</value>
         <object_component_ref idref="oc-5cb"/>
      </symbol>
      <symbol id="sm-7b2">
         <name>__mspabi_srll_1</name>
         <value>0x11762</value>
         <object_component_ref idref="oc-5cb"/>
      </symbol>
      <symbol id="sm-7b3">
         <name>__mspabi_srll_15</name>
         <value>0x1172a</value>
         <object_component_ref idref="oc-5cb"/>
      </symbol>
      <symbol id="sm-7b4">
         <name>__mspabi_srll_14</name>
         <value>0x1172e</value>
         <object_component_ref idref="oc-5cb"/>
      </symbol>
      <symbol id="sm-7b5">
         <name>__mspabi_srll_13</name>
         <value>0x11732</value>
         <object_component_ref idref="oc-5cb"/>
      </symbol>
      <symbol id="sm-7b6">
         <name>__mspabi_srll_12</name>
         <value>0x11736</value>
         <object_component_ref idref="oc-5cb"/>
      </symbol>
      <symbol id="sm-7b7">
         <name>__mspabi_srll_11</name>
         <value>0x1173a</value>
         <object_component_ref idref="oc-5cb"/>
      </symbol>
      <symbol id="sm-7b8">
         <name>__mspabi_srll_10</name>
         <value>0x1173e</value>
         <object_component_ref idref="oc-5cb"/>
      </symbol>
      <symbol id="sm-7c1">
         <name>__mspabi_mpyi_f5hw</name>
         <value>0x11a1e</value>
         <object_component_ref idref="oc-44f"/>
      </symbol>
      <symbol id="sm-7d6">
         <name>_stack</name>
         <value>0x4360</value>
         <object_component_ref idref="oc-37d"/>
      </symbol>
      <symbol id="sm-7d7">
         <name>_c_int00_noargs</name>
         <value>0x4400</value>
         <object_component_ref idref="oc-3c2"/>
      </symbol>
      <symbol id="sm-7d8">
         <name>_reset_vector</name>
         <value>0xfffe</value>
         <object_component_ref idref="oc-380"/>
      </symbol>
      <symbol id="sm-7fb">
         <name>__TI_auto_init_nobinit_nopinit_hold_wdt</name>
         <value>0x1145a</value>
         <object_component_ref idref="oc-512"/>
      </symbol>
      <symbol id="sm-80e">
         <name>__TI_zero_init</name>
         <value>0x1187c</value>
         <object_component_ref idref="oc-3b6"/>
      </symbol>
      <symbol id="sm-819">
         <name>_system_pre_init</name>
         <value>0x11b90</value>
         <object_component_ref idref="oc-424"/>
      </symbol>
      <symbol id="sm-822">
         <name>_system_post_cinit</name>
         <value>0x11b94</value>
         <object_component_ref idref="oc-62e"/>
      </symbol>
      <symbol id="sm-833">
         <name>__TI_decompress_none</name>
         <value>0x11b3a</value>
         <object_component_ref idref="oc-73"/>
      </symbol>
      <symbol id="sm-856">
         <name>__TI_decompress_lzss</name>
         <value>0x11094</value>
         <object_component_ref idref="oc-6d"/>
      </symbol>
      <symbol id="sm-869">
         <name>__mspabi_cvtdf</name>
         <value>0x10e98</value>
         <object_component_ref idref="oc-714"/>
      </symbol>
      <symbol id="sm-873">
         <name>C$$EXIT</name>
         <value>0x11b86</value>
         <object_component_ref idref="oc-4ee"/>
      </symbol>
      <symbol id="sm-874">
         <name>abort</name>
         <value>0x11b86</value>
         <object_component_ref idref="oc-4ee"/>
      </symbol>
      <symbol id="sm-884">
         <name>memcpy</name>
         <value>0x11b26</value>
         <object_component_ref idref="oc-38c"/>
      </symbol>
      <symbol id="sm-88f">
         <name>__mspabi_slll_9</name>
         <value>0x11704</value>
         <object_component_ref idref="oc-745"/>
      </symbol>
      <symbol id="sm-890">
         <name>__mspabi_slll_8</name>
         <value>0x11708</value>
         <object_component_ref idref="oc-745"/>
      </symbol>
      <symbol id="sm-891">
         <name>__mspabi_slll_7</name>
         <value>0x1170c</value>
         <object_component_ref idref="oc-745"/>
      </symbol>
      <symbol id="sm-892">
         <name>__mspabi_slll_6</name>
         <value>0x11710</value>
         <object_component_ref idref="oc-745"/>
      </symbol>
      <symbol id="sm-893">
         <name>__mspabi_slll_5</name>
         <value>0x11714</value>
         <object_component_ref idref="oc-745"/>
      </symbol>
      <symbol id="sm-894">
         <name>__mspabi_slll_4</name>
         <value>0x11718</value>
         <object_component_ref idref="oc-745"/>
      </symbol>
      <symbol id="sm-895">
         <name>__mspabi_slll_3</name>
         <value>0x1171c</value>
         <object_component_ref idref="oc-745"/>
      </symbol>
      <symbol id="sm-896">
         <name>__mspabi_slll_2</name>
         <value>0x11720</value>
         <object_component_ref idref="oc-745"/>
      </symbol>
      <symbol id="sm-897">
         <name>__mspabi_slll_1</name>
         <value>0x11724</value>
         <object_component_ref idref="oc-745"/>
      </symbol>
      <symbol id="sm-898">
         <name>__mspabi_slll_15</name>
         <value>0x116ec</value>
         <object_component_ref idref="oc-745"/>
      </symbol>
      <symbol id="sm-899">
         <name>__mspabi_slll_14</name>
         <value>0x116f0</value>
         <object_component_ref idref="oc-745"/>
      </symbol>
      <symbol id="sm-89a">
         <name>__mspabi_slll_13</name>
         <value>0x116f4</value>
         <object_component_ref idref="oc-745"/>
      </symbol>
      <symbol id="sm-89b">
         <name>__mspabi_slll_12</name>
         <value>0x116f8</value>
         <object_component_ref idref="oc-745"/>
      </symbol>
      <symbol id="sm-89c">
         <name>__mspabi_slll_11</name>
         <value>0x116fc</value>
         <object_component_ref idref="oc-745"/>
      </symbol>
      <symbol id="sm-89d">
         <name>__mspabi_slll_10</name>
         <value>0x11700</value>
         <object_component_ref idref="oc-745"/>
      </symbol>
      <symbol id="sm-8a2">
         <name>UART_ReconfigureBaud</name>
         <value>0x10000</value>
      </symbol>
   </symbol_table>
   <title>Link successful</title>
</link_info>
